
Object {
  "doc_type": "pipeline",
  "id": "elyra-auto-generated-pipeline",
  "json_schema": "http://api.dataplatform.ibm.com/schemas/common-pipeline/pipeline-flow/pipeline-flow-v3-schema.json",
  "pipelines": Array [
    Object {
      "app_data": Object {
        "properties": Object {
          "name": "complex",
          "runtime": "Generic",
        },
        "ui_data": Object {
          "comments": Array [],
        },
        "version": 5,
      },
      "id": "primary",
      "nodes": Array [
        Object {
          "app_data": Object {
            "component_parameters": Object {
              "dependencies": Array [],
              "env_vars": Array [
                "NB_USER=",
              ],
              "filename": "producer.ipynb",
              "include_subdirectories": false,
              "outputs": Array [
                "output-1.csv",
                "output-2.csv",
              ],
              "runtime_image": "continuumio/anaconda3:2020.07",
            },
            "label": "",
            "ui_data": Object {
              "description": "Run notebook file",
              "image": "data:image/svg+xml;utf8,%3Csvg%20xmlns%3D%22http%3A%2F%2Fwww.w3.org%2F2000%2Fsvg%22%20width%3D%2216%22%20viewBox%3D%220%200%2022%2022%22%3E%0A%20%20%3Cg%20class%3D%22jp-icon-warn0%20jp-icon-selectable%22%20fill%3D%22%23EF6C00%22%3E%0A%20%20%20%20%3Cpath%20d%3D%22M18.7%203.3v15.4H3.3V3.3h15.4m1.5-1.5H1.8v18.3h18.3l.1-18.3z%22%2F%3E%0A%20%20%20%20%3Cpath%20d%3D%22M16.5%2016.5l-5.4-4.3-5.6%204.3v-11h11z%22%2F%3E%0A%20%20%3C%2Fg%3E%0A%3C%2Fsvg%3E%0A",
              "label": "producer.ipynb",
              "x_pos": 85,
              "y_pos": 95,
            },
          },
          "id": "xxxxxxxx-xxxx-xxxx-xxxx-xxxxxxxxxxxx",
          "inputs": Array [
            Object {
              "app_data": Object {
                "ui_data": Object {
                  "cardinality": Object {
                    "max": -1,
                    "min": 0,
                  },
                  "label": "Input Port",
                },
              },
              "id": "inPort",
            },
          ],
          "op": "execute-notebook-node",
          "outputs": Array [
            Object {
              "app_data": Object {
                "ui_data": Object {
                  "cardinality": Object {
                    "max": -1,
                    "min": 0,
                  },
                  "label": "Output Port",
                },
              },
              "id": "outPort",
            },
          ],
          "type": "execution_node",
        },
        Object {
          "app_data": Object {
            "component_parameters": Object {
              "dependencies": Array [],
              "env_vars": Array [],
              "filename": "consumer.ipynb",
              "include_subdirectories": false,
              "outputs": Array [],
              "runtime_image": "continuumio/anaconda3:2020.07",
            },
            "label": "",
            "ui_data": Object {
              "description": "Run notebook file",
              "image": "data:image/svg+xml;utf8,%3Csvg%20xmlns%3D%22http%3A%2F%2Fwww.w3.org%2F2000%2Fsvg%22%20width%3D%2216%22%20viewBox%3D%220%200%2022%2022%22%3E%0A%20%20%3Cg%20class%3D%22jp-icon-warn0%20jp-icon-selectable%22%20fill%3D%22%23EF6C00%22%3E%0A%20%20%20%20%3Cpath%20d%3D%22M18.7%203.3v15.4H3.3V3.3h15.4m1.5-1.5H1.8v18.3h18.3l.1-18.3z%22%2F%3E%0A%20%20%20%20%3Cpath%20d%3D%22M16.5%2016.5l-5.4-4.3-5.6%204.3v-11h11z%22%2F%3E%0A%20%20%3C%2Fg%3E%0A%3C%2Fsvg%3E%0A",
              "label": "consumer.ipynb",
              "x_pos": 105,
              "y_pos": 115,
            },
          },
          "id": "xxxxxxxx-xxxx-xxxx-xxxx-xxxxxxxxxxxx",
          "inputs": Array [
            Object {
              "app_data": Object {
                "ui_data": Object {
                  "cardinality": Object {
                    "max": -1,
                    "min": 0,
                  },
                  "label": "Input Port",
                },
              },
              "id": "inPort",
            },
          ],
          "op": "execute-notebook-node",
          "outputs": Array [
            Object {
              "app_data": Object {
                "ui_data": Object {
                  "cardinality": Object {
                    "max": -1,
                    "min": 0,
                  },
                  "label": "Output Port",
                },
              },
              "id": "outPort",
            },
          ],
          "type": "execution_node",
        },
        Object {
          "app_data": Object {
            "component_parameters": Object {
              "dependencies": Array [
                "setup.txt",
              ],
              "env_vars": Array [],
              "filename": "../scripts/setup.py",
              "include_subdirectories": false,
              "outputs": Array [],
              "runtime_image": "continuumio/anaconda3:2020.07",
            },
            "label": "",
            "ui_data": Object {
              "description": "Run Python script",
              "image": "data:image/svg+xml;utf8,%3Csvg%20width%3D%22238%22%20height%3D%22237%22%20viewBox%3D%220%200%20238%20237%22%20xmlns%3D%22http%3A%2F%2Fwww.w3.org%2F2000%2Fsvg%22%20xmlns%3Axlink%3D%22http%3A%2F%2Fwww.w3.org%2F1999%2Fxlink%22%20overflow%3D%22hidden%22%3E%0A%20%20%20%20%3Cdefs%3E%0A%20%20%20%20%20%20%20%20%3CclipPath%20id%3D%22clip0%22%3E%0A%20%20%20%20%20%20%20%20%20%20%20%20%3Cpath%20d%3D%22M706-314%20944-314%20944-77%20706-77Z%22%20fill-rule%3D%22evenodd%22%20clip-rule%3D%22evenodd%22%2F%3E%0A%20%20%20%20%20%20%20%20%3C%2FclipPath%3E%0A%20%20%20%20%3C%2Fdefs%3E%0A%20%20%20%20%3Cg%20clip-path%3D%22url(%23clip0)%22%20transform%3D%22translate(-706%20314)%22%3E%0A%20%20%20%20%20%20%20%20%3Cpath%20d%3D%22M792.441-295.763C786.496-295.763%20781.697-290.979%20781.697-285.062%20781.697-279.166%20786.496-274.382%20792.441-274.382%20798.365-274.382%20803.184-279.166%20803.184-285.062%20803.184-290.979%20798.365-295.763%20792.441-295.763ZM823.472-312.998C833.277-313.043%20843.484-312.329%20853.336-310.724%20868.899-308.185%20882-296.728%20882-281.516L882-228.072C882-212.398%20869.282-199.557%20853.336-199.557L796.03-199.557C776.58-199.557%20760.189-183.169%20760.189-164.641L760.189-139%20740.485-139C723.817-139%20714.114-150.877%20710.037-167.494%20704.538-189.82%20704.772-203.124%20710.037-224.505%20714.602-243.159%20729.189-253%20745.857-253L767.365-253%20824.693-253%20824.693-260.134%20767.365-260.134%20767.365-281.516C767.365-297.715%20771.76-306.527%20796.03-310.724%20804.268-312.151%20813.668-312.953%20823.472-312.998Z%22%20fill%3D%22%23366A96%22%20fill-rule%3D%22evenodd%22%2F%3E%0A%20%20%20%20%20%20%20%20%3Cpath%20d%3D%22M857.377-117.071C851.466-117.071%20846.655-112.267%20846.655-106.348%20846.655-100.406%20851.466-95.6026%20857.377-95.6026%20863.31-95.6026%20868.099-100.406%20868.099-106.348%20868.099-112.267%20863.31-117.071%20857.377-117.071ZM889.563-253%20911.007-253C927.662-253%20935.502-240.696%20939.614-224.39%20945.334-201.743%20945.589-184.804%20939.614-167.148%20933.828-150%20927.642-138.539%20911.007-138.539L882.402-138.539%20825.211-138.539%20825.211-131.375%20882.402-131.375%20882.402-109.908C882.402-93.6435%20868.205-85.4055%20853.796-81.2973%20832.12-75.1034%20814.722-76.0513%20796.606-81.2973%20781.476-85.6801%20768-94.6332%20768-109.908L768-163.568C768-179.01%20780.947-192.199%20796.606-192.199L853.796-192.199C872.846-192.199%20889.563-208.568%20889.563-227.971Z%22%20fill%3D%22%23FFC836%22%20fill-rule%3D%22evenodd%22%2F%3E%0A%20%20%20%20%3C%2Fg%3E%0A%3C%2Fsvg%3E%0A",
              "label": "setup.py",
              "x_pos": 125,
              "y_pos": 135,
            },
          },
          "id": "xxxxxxxx-xxxx-xxxx-xxxx-xxxxxxxxxxxx",
          "inputs": Array [
            Object {
              "app_data": Object {
                "ui_data": Object {
                  "cardinality": Object {
                    "max": -1,
                    "min": 0,
                  },
                  "label": "Input Port",
                },
              },
              "id": "inPort",
            },
          ],
          "op": "execute-python-node",
          "outputs": Array [
            Object {
              "app_data": Object {
                "ui_data": Object {
                  "cardinality": Object {
                    "max": -1,
                    "min": 0,
                  },
                  "label": "Output Port",
                },
              },
              "id": "outPort",
            },
          ],
          "type": "execution_node",
        },
        Object {
          "app_data": Object {
            "component_parameters": Object {
              "dependencies": Array [],
              "env_vars": Array [],
              "filename": "create-source-files.py",
              "include_subdirectories": false,
              "outputs": Array [
                "input-1.csv",
                "input-2.csv",
              ],
              "runtime_image": "continuumio/anaconda3:2020.07",
            },
            "label": "",
            "ui_data": Object {
              "description": "Run Python script",
              "image": "data:image/svg+xml;utf8,%3Csvg%20width%3D%22238%22%20height%3D%22237%22%20viewBox%3D%220%200%20238%20237%22%20xmlns%3D%22http%3A%2F%2Fwww.w3.org%2F2000%2Fsvg%22%20xmlns%3Axlink%3D%22http%3A%2F%2Fwww.w3.org%2F1999%2Fxlink%22%20overflow%3D%22hidden%22%3E%0A%20%20%20%20%3Cdefs%3E%0A%20%20%20%20%20%20%20%20%3CclipPath%20id%3D%22clip0%22%3E%0A%20%20%20%20%20%20%20%20%20%20%20%20%3Cpath%20d%3D%22M706-314%20944-314%20944-77%20706-77Z%22%20fill-rule%3D%22evenodd%22%20clip-rule%3D%22evenodd%22%2F%3E%0A%20%20%20%20%20%20%20%20%3C%2FclipPath%3E%0A%20%20%20%20%3C%2Fdefs%3E%0A%20%20%20%20%3Cg%20clip-path%3D%22url(%23clip0)%22%20transform%3D%22translate(-706%20314)%22%3E%0A%20%20%20%20%20%20%20%20%3Cpath%20d%3D%22M792.441-295.763C786.496-295.763%20781.697-290.979%20781.697-285.062%20781.697-279.166%20786.496-274.382%20792.441-274.382%20798.365-274.382%20803.184-279.166%20803.184-285.062%20803.184-290.979%20798.365-295.763%20792.441-295.763ZM823.472-312.998C833.277-313.043%20843.484-312.329%20853.336-310.724%20868.899-308.185%20882-296.728%20882-281.516L882-228.072C882-212.398%20869.282-199.557%20853.336-199.557L796.03-199.557C776.58-199.557%20760.189-183.169%20760.189-164.641L760.189-139%20740.485-139C723.817-139%20714.114-150.877%20710.037-167.494%20704.538-189.82%20704.772-203.124%20710.037-224.505%20714.602-243.159%20729.189-253%20745.857-253L767.365-253%20824.693-253%20824.693-260.134%20767.365-260.134%20767.365-281.516C767.365-297.715%20771.76-306.527%20796.03-310.724%20804.268-312.151%20813.668-312.953%20823.472-312.998Z%22%20fill%3D%22%23366A96%22%20fill-rule%3D%22evenodd%22%2F%3E%0A%20%20%20%20%20%20%20%20%3Cpath%20d%3D%22M857.377-117.071C851.466-117.071%20846.655-112.267%20846.655-106.348%20846.655-100.406%20851.466-95.6026%20857.377-95.6026%20863.31-95.6026%20868.099-100.406%20868.099-106.348%20868.099-112.267%20863.31-117.071%20857.377-117.071ZM889.563-253%20911.007-253C927.662-253%20935.502-240.696%20939.614-224.39%20945.334-201.743%20945.589-184.804%20939.614-167.148%20933.828-150%20927.642-138.539%20911.007-138.539L882.402-138.539%20825.211-138.539%20825.211-131.375%20882.402-131.375%20882.402-109.908C882.402-93.6435%20868.205-85.4055%20853.796-81.2973%20832.12-75.1034%20814.722-76.0513%20796.606-81.2973%20781.476-85.6801%20768-94.6332%20768-109.908L768-163.568C768-179.01%20780.947-192.199%20796.606-192.199L853.796-192.199C872.846-192.199%20889.563-208.568%20889.563-227.971Z%22%20fill%3D%22%23FFC836%22%20fill-rule%3D%22evenodd%22%2F%3E%0A%20%20%20%20%3C%2Fg%3E%0A%3C%2Fsvg%3E%0A",
              "label": "create-source-files.py",
              "x_pos": 145,
              "y_pos": 155,
            },
          },
          "id": "xxxxxxxx-xxxx-xxxx-xxxx-xxxxxxxxxxxx",
          "inputs": Array [
            Object {
              "app_data": Object {
                "ui_data": Object {
                  "cardinality": Object {
                    "max": -1,
                    "min": 0,
                  },
                  "label": "Input Port",
                },
              },
              "id": "inPort",
            },
          ],
          "op": "execute-python-node",
          "outputs": Array [
            Object {
              "app_data": Object {
                "ui_data": Object {
                  "cardinality": Object {
                    "max": -1,
                    "min": 0,
                  },
                  "label": "Output Port",
                },
              },
              "id": "outPort",
            },
          ],
          "type": "execution_node",
        },
        Object {
          "app_data": Object {
            "component_parameters": Object {
              "dependencies": Array [],
              "env_vars": Array [],
              "filename": "producer-script.py",
              "include_subdirectories": false,
              "outputs": Array [
                "output-3.csv",
                "output-4.csv",
              ],
              "runtime_image": "continuumio/anaconda3:2020.07",
            },
            "label": "",
            "ui_data": Object {
              "description": "Run Python script",
              "image": "data:image/svg+xml;utf8,%3Csvg%20width%3D%22238%22%20height%3D%22237%22%20viewBox%3D%220%200%20238%20237%22%20xmlns%3D%22http%3A%2F%2Fwww.w3.org%2F2000%2Fsvg%22%20xmlns%3Axlink%3D%22http%3A%2F%2Fwww.w3.org%2F1999%2Fxlink%22%20overflow%3D%22hidden%22%3E%0A%20%20%20%20%3Cdefs%3E%0A%20%20%20%20%20%20%20%20%3CclipPath%20id%3D%22clip0%22%3E%0A%20%20%20%20%20%20%20%20%20%20%20%20%3Cpath%20d%3D%22M706-314%20944-314%20944-77%20706-77Z%22%20fill-rule%3D%22evenodd%22%20clip-rule%3D%22evenodd%22%2F%3E%0A%20%20%20%20%20%20%20%20%3C%2FclipPath%3E%0A%20%20%20%20%3C%2Fdefs%3E%0A%20%20%20%20%3Cg%20clip-path%3D%22url(%23clip0)%22%20transform%3D%22translate(-706%20314)%22%3E%0A%20%20%20%20%20%20%20%20%3Cpath%20d%3D%22M792.441-295.763C786.496-295.763%20781.697-290.979%20781.697-285.062%20781.697-279.166%20786.496-274.382%20792.441-274.382%20798.365-274.382%20803.184-279.166%20803.184-285.062%20803.184-290.979%20798.365-295.763%20792.441-295.763ZM823.472-312.998C833.277-313.043%20843.484-312.329%20853.336-310.724%20868.899-308.185%20882-296.728%20882-281.516L882-228.072C882-212.398%20869.282-199.557%20853.336-199.557L796.03-199.557C776.58-199.557%20760.189-183.169%20760.189-164.641L760.189-139%20740.485-139C723.817-139%20714.114-150.877%20710.037-167.494%20704.538-189.82%20704.772-203.124%20710.037-224.505%20714.602-243.159%20729.189-253%20745.857-253L767.365-253%20824.693-253%20824.693-260.134%20767.365-260.134%20767.365-281.516C767.365-297.715%20771.76-306.527%20796.03-310.724%20804.268-312.151%20813.668-312.953%20823.472-312.998Z%22%20fill%3D%22%23366A96%22%20fill-rule%3D%22evenodd%22%2F%3E%0A%20%20%20%20%20%20%20%20%3Cpath%20d%3D%22M857.377-117.071C851.466-117.071%20846.655-112.267%20846.655-106.348%20846.655-100.406%20851.466-95.6026%20857.377-95.6026%20863.31-95.6026%20868.099-100.406%20868.099-106.348%20868.099-112.267%20863.31-117.071%20857.377-117.071ZM889.563-253%20911.007-253C927.662-253%20935.502-240.696%20939.614-224.39%20945.334-201.743%20945.589-184.804%20939.614-167.148%20933.828-150%20927.642-138.539%20911.007-138.539L882.402-138.539%20825.211-138.539%20825.211-131.375%20882.402-131.375%20882.402-109.908C882.402-93.6435%20868.205-85.4055%20853.796-81.2973%20832.12-75.1034%20814.722-76.0513%20796.606-81.2973%20781.476-85.6801%20768-94.6332%20768-109.908L768-163.568C768-179.01%20780.947-192.199%20796.606-192.199L853.796-192.199C872.846-192.199%20889.563-208.568%20889.563-227.971Z%22%20fill%3D%22%23FFC836%22%20fill-rule%3D%22evenodd%22%2F%3E%0A%20%20%20%20%3C%2Fg%3E%0A%3C%2Fsvg%3E%0A",
              "label": "producer-script.py",
              "x_pos": 165,
              "y_pos": 175,
            },
          },
          "id": "xxxxxxxx-xxxx-xxxx-xxxx-xxxxxxxxxxxx",
          "inputs": Array [
            Object {
              "app_data": Object {
                "ui_data": Object {
                  "cardinality": Object {
                    "max": -1,
                    "min": 0,
                  },
                  "label": "Input Port",
                },
              },
              "id": "inPort",
            },
          ],
          "op": "execute-python-node",
          "outputs": Array [
            Object {
              "app_data": Object {
                "ui_data": Object {
                  "cardinality": Object {
                    "max": -1,
                    "min": 0,
                  },
                  "label": "Output Port",
                },
              },
              "id": "outPort",
            },
          ],
          "type": "execution_node",
        },
      ],
      "runtime_ref": "",
    },
  ],
  "primary_pipeline": "primary",
  "schemas": Array [],
  "version": "3.0",
}
